Рейс:
  Автомобіль:
    Назва: Volkswagen Crafter
      Вантажопідйомність: 303
      Складність керування: 2
      Статус: справний
  Водій:
    Ім'я: Олег
      Прізвище: Коваленко
      Телефон: +380716048527
      Стаж: 16
      Заробіток: 90875,88 грн
      Виконано рейсів: 1
  Дата початку: 2026-04-23
  Дата завершення: 2026-04-23
  Відстань: 890,94 км
  Пункт призначення: Одеса, вул. Шевченка, буд. 41
  Вага вантажу: 170 кг
  Тип вантажу: крихкий
  Оплата: 90875,88 грн
Рейс:
  Автомобіль:
    Назва: DAF XF
      Вантажопідйомність: 302
      Складність керування: 2
      Статус: справний
  Водій:
    Ім'я: Тарас
      Прізвище: Савченко
      Телефон: +380547977474
      Стаж: 10
      Заробіток: 27359,81 грн
      Виконано рейсів: 1
  Дата початку: 2026-04-23
  Дата завершення: 2026-04-23
  Відстань: 407,14 км
  Пункт призначення: Івано-Франківськ, вул. Хрещатик, буд. 2
  Вага вантажу: 112 кг
  Тип вантажу: крихкий
  Оплата: 27359,81 грн
Рейс:
  Автомобіль:
    Назва: MAN TGL
      Вантажопідйомність: 375
      Складність керування: 2
      Статус: справний
  Водій:
    Ім'я: Петро
      Прізвище: Лисенко
      Телефон: +380087095407
      Стаж: 9
      Заробіток: 178849,04 грн
      Виконано рейсів: 1
  Дата початку: 2026-04-23
  Дата завершення: 2026-04-23
  Відстань: 797,01 км
  Пункт призначення: Полтава, вул. Лесі Українки, буд. 63
  Вага вантажу: 374 кг
  Тип вантажу: крихкий
  Оплата: 178849,04 грн
Рейс:
  Автомобіль:
    Назва: Mercedes Actros
      Вантажопідйомність: 443
      Складність керування: 4
      Статус: справний
  Водій:
    Ім'я: Дмитро
      Прізвище: Мельник
      Телефон: +380404120847
      Стаж: 14
      Заробіток: 171042,66 грн
      Виконано рейсів: 1
  Дата початку: 2026-04-23
  Дата завершення: 2026-04-23
  Відстань: 896,45 км
  Пункт призначення: Одеса, вул. Хрещатик, буд. 39
  Вага вантажу: 318 кг
  Тип вантажу: крихкий
  Оплата: 171042,66 грн
Рейс:
  Автомобіль:
    Назва: Volvo FH
      Вантажопідйомність: 263
      Складність керування: 2
      Статус: справний
  Водій:
    Ім'я: Сергій
      Прізвище: Ткаченко
      Телефон: +380244450806
      Стаж: 8
      Заробіток: 27745,80 грн
      Виконано рейсів: 1
  Дата початку: 2026-04-23
  Дата завершення: 2026-04-23
  Відстань: 924,86 км
  Пункт призначення: Полтава, вул. Шкільна, буд. 13
  Вага вантажу: 60 кг
  Тип вантажу: звичайний
  Оплата: 27745,80 грн
Рейс:
  Автомобіль:
    Назва: Renault Master
      Вантажопідйомність: 588
      Складність керування: 4
      Статус: справний
  Водій:
    Ім'я: Юрій
      Прізвище: Мороз
      Телефон: +380694841528
      Стаж: 14
      Заробіток: 273055,54 грн
      Виконано рейсів: 1
  Дата початку: 2026-04-23
  Дата завершення: 2026-04-23
  Відстань: 921,24 км
  Пункт призначення: Київ, вул. Незалежності, буд. 70
  Вага вантажу: 494 кг
  Тип вантажу: крихкий
  Оплата: 273055,54 грн
Рейс:
  Автомобіль:
    Назва: Renault Premium
      Вантажопідйомність: 834
      Складність керування: 2
      Статус: справний
  Водій:
    Ім'я: Максим
      Прізвище: Кравченко
      Телефон: +380225885472
      Стаж: 6
      Заробіток: 57973,00 грн
      Виконано рейсів: 1
  Дата початку: 2026-04-23
  Дата завершення: 2026-04-23
  Відстань: 198,81 км
  Пункт призначення: Одеса, вул. Хрещатик, буд. 19
  Вага вантажу: 486 кг
  Тип вантажу: крихкий
  Оплата: 57973,00 грн
Рейс:
  Автомобіль:
    Назва: Iveco Daily
      Вантажопідйомність: 462
      Складність керування: 1
      Статус: справний
  Водій:
    Ім'я: Андрій
      Прізвище: Бондаренко
      Телефон: +380351592143
      Стаж: 8
      Заробіток: 209776,50 грн
      Виконано рейсів: 1
  Дата початку: 2026-04-23
  Дата завершення: 2026-04-23
  Відстань: 776,95 км
  Пункт призначення: Вінниця, вул. Шкільна, буд. 43
  Вага вантажу: 450 кг
  Тип вантажу: крихкий
  Оплата: 209776,50 грн
Рейс:
  Автомобіль:
    Назва: MAN TGX
      Вантажопідйомність: 485
      Складність керування: 3
      Статус: справний
  Водій:
    Ім'я: Віталій
      Прізвище: Петренко
      Телефон: +380248122238
      Стаж: 15
      Заробіток: 212862,76 грн
      Виконано рейсів: 1
  Дата початку: 2026-04-23
  Дата завершення: 2026-04-23
  Відстань: 804,47 км
  Пункт призначення: Дніпро, вул. Лесі Українки, буд. 39
  Вага вантажу: 441 кг
  Тип вантажу: крихкий
  Оплата: 212862,76 грн
Рейс:
  Автомобіль:
    Назва: Автомобіль1
      Вантажопідйомність: 1000
      Складність керування: 3
      Статус: справний
  Водій:
    Ім'я: Ігор
      Прізвище: Полинько
      Телефон: 0987654321
      Стаж: 10
      Заробіток: 125000,00 грн
      Виконано рейсів: 1
  Дата початку: 2026-04-23
  Дата завершення: 2026-04-23
  Відстань: 500,00 км
  Пункт призначення: Київ
  Вага вантажу: 500 кг
  Тип вантажу: звичайний
  Оплата: 125000,00 грн
Рейс:
  Автомобіль:
    Назва: Mercedes Sprinter
      Вантажопідйомність: 543
      Складність керування: 4
      Статус: справний
  Водій:
    Ім'я: Дмитро
      Прізвище: Мельник
      Телефон: +380446049505
      Стаж: 9
      Заробіток: 92755,21 грн
      Виконано рейсів: 1
  Дата початку: 2026-04-23
  Дата завершення: 2026-04-23
  Відстань: 458,73 км
  Пункт призначення: Харків, вул. Шевченка, буд. 74
  Вага вантажу: 337 кг
  Тип вантажу: крихкий
  Оплата: 92755,21 грн
Рейс:
  Автомобіль:
    Назва: Iveco Daily
      Вантажопідйомність: 240
      Складність керування: 2
      Статус: справний
  Водій:
    Ім'я: Сергій
      Прізвище: Ткаченко
      Телефон: +380903975366
      Стаж: 9
      Заробіток: 46331,81 грн
      Виконано рейсів: 1
  Дата початку: 2026-04-23
  Дата завершення: 2026-04-23
  Відстань: 341,68 км
  Пункт призначення: Полтава, вул. Незалежності, буд. 53
  Вага вантажу: 226 кг
  Тип вантажу: крихкий
  Оплата: 46331,81 грн
Рейс:
  Автомобіль:
    Назва: Mercedes Actros
      Вантажопідйомність: 425
      Складність керування: 2
      Статус: справний
  Водій:
    Ім'я: Тарас
      Прізвище: Савченко
      Телефон: +380084782186
      Стаж: 8
      Заробіток: 136604,21 грн
      Виконано рейсів: 1
  Дата початку: 2026-04-23
  Дата завершення: 2026-04-23
  Відстань: 756,81 км
  Пункт призначення: Черкаси, вул. Хрещатик, буд. 7
  Вага вантажу: 361 кг
  Тип вантажу: звичайний
  Оплата: 136604,21 грн
Рейс:
  Автомобіль:
    Назва: Renault Premium
      Вантажопідйомність: 307
      Складність керування: 4
      Статус: справний
  Водій:
    Ім'я: Максим
      Прізвище: Кравченко
      Телефон: +380439405622
      Стаж: 12
      Заробіток: 62454,24 грн
      Виконано рейсів: 1
  Дата початку: 2026-04-23
  Дата завершення: 2026-04-23
  Відстань: 433,71 км
  Пункт призначення: Вінниця, вул. Київська, буд. 17
  Вага вантажу: 240 кг
  Тип вантажу: крихкий
  Оплата: 62454,24 грн
Рейс:
  Автомобіль:
    Назва: MAN TGX
      Вантажопідйомність: 750
      Складність керування: 4
      Статус: справний
  Водій:
    Ім'я: Андрій
      Прізвище: Бондаренко
      Телефон: +380846017243
      Стаж: 17
      Заробіток: 96161,34 грн
      Виконано рейсів: 1
  Дата початку: 2026-04-23
  Дата завершення: 2026-04-23
  Відстань: 403,70 км
  Пункт призначення: Полтава, вул. Шкільна, буд. 87
  Вага вантажу: 397 кг
  Тип вантажу: крихкий
  Оплата: 96161,34 грн
Рейс:
  Автомобіль:
    Назва: MAN TGL
      Вантажопідйомність: 599
      Складність керування: 4
      Статус: справний
  Водій:
    Ім'я: Олег
      Прізвище: Коваленко
      Телефон: +380286434177
      Стаж: 17
      Заробіток: 82240,20 грн
      Виконано рейсів: 1
  Дата початку: 2026-04-23
  Дата завершення: 2026-04-23
  Відстань: 384,30 км
  Пункт призначення: Черкаси, вул. Соборна, буд. 34
  Вага вантажу: 428 кг
  Тип вантажу: звичайний
  Оплата: 82240,20 грн
Рейс:
  Автомобіль:
    Назва: Volvo FH
      Вантажопідйомність: 321
      Складність керування: 4
      Статус: справний
  Водій:
    Ім'я: Андрій
      Прізвище: Бондаренко
      Телефон: +380282097405
      Стаж: 9
      Заробіток: 14745,45 грн
      Виконано рейсів: 1
  Дата початку: 2026-04-23
  Дата завершення: 2026-04-23
  Відстань: 124,75 км
  Пункт призначення: Івано-Франківськ, вул. Лесі Українки, буд. 21
  Вага вантажу: 197 кг
  Тип вантажу: крихкий
  Оплата: 14745,45 грн
Рейс:
  Автомобіль:
    Назва: Renault Premium
      Вантажопідйомність: 650
      Складність керування: 3
      Статус: справний
  Водій:
    Ім'я: Олег
      Прізвище: Коваленко
      Телефон: +380856403050
      Стаж: 17
      Заробіток: 33812,86 грн
      Виконано рейсів: 1
  Дата початку: 2026-04-23
  Дата завершення: 2026-04-23
  Відстань: 494,34 км
  Пункт призначення: Харків, вул. Київська, буд. 7
  Вага вантажу: 114 кг
  Тип вантажу: крихкий
  Оплата: 33812,86 грн
Рейс:
  Автомобіль:
    Назва: Renault Master
      Вантажопідйомність: 553
      Складність керування: 1
      Статус: справний
  Водій:
    Ім'я: Іван
      Прізвище: Шевченко
      Телефон: +380111148056
      Стаж: 5
      Заробіток: 24884,50 грн
      Виконано рейсів: 1
  Дата початку: 2026-04-23
  Дата завершення: 2026-04-23
  Відстань: 196,56 км
  Пункт призначення: Київ, вул. Шевченка, буд. 54
  Вага вантажу: 211 кг
  Тип вантажу: крихкий
  Оплата: 24884,50 грн
Рейс:
  Автомобіль:
    Назва: Iveco Daily
      Вантажопідйомність: 343
      Складність керування: 2
      Статус: справний
  Водій:
    Ім'я: Максим
      Прізвище: Кравченко
      Телефон: +380141424917
      Стаж: 9
      Заробіток: 57535,65 грн
      Виконано рейсів: 1
  Дата початку: 2026-04-23
  Дата завершення: 2026-04-23
  Відстань: 451,26 км
  Пункт призначення: Дніпро, вул. Хрещатик, буд. 91
  Вага вантажу: 255 кг
  Тип вантажу: звичайний
  Оплата: 57535,65 грн
Рейс:
  Автомобіль:
    Назва: MAN TGL
      Вантажопідйомність: 509
      Складність керування: 3
      Статус: справний
  Водій:
    Ім'я: Дмитро
      Прізвище: Мельник
      Телефон: +380617529781
      Стаж: 15
      Заробіток: 93530,25 грн
      Виконано рейсів: 1
  Дата початку: 2026-04-23
  Дата завершення: 2026-04-23
  Відстань: 862,03 км
  Пункт призначення: Харків, вул. Київська, буд. 91
  Вага вантажу: 217 кг
  Тип вантажу: звичайний
  Оплата: 93530,25 грн
Рейс:
  Автомобіль:
    Назва: Mercedes Actros
      Вантажопідйомність: 737
      Складність керування: 4
      Статус: справний
  Водій:
    Ім'я: Сергій
      Прізвище: Ткаченко
      Телефон: +380784128626
      Стаж: 17
      Заробіток: 48553,56 грн
      Виконано рейсів: 1
  Дата початку: 2026-04-23
  Дата завершення: 2026-04-23
  Відстань: 442,20 км
  Пункт призначення: Київ, вул. Соборна, буд. 77
  Вага вантажу: 183 кг
  Тип вантажу: крихкий
  Оплата: 48553,56 грн
